
> my-v0-project@0.1.0 build
> next build

node.exe :  ΓÜá Invalid 
next.config.mjs options 
detected: 
At line:1 char:1
+ & "C:\Program 
Files\nodejs/node.exe" "
C:\Users\02-239241-036\A
ppData\ ...
+ ~~~~~~~~~~~~~~~~~~~~~~
~~~~~~~~~~~~~~~~~~~~~~~~
~~~~~~~~~~~~~~~~~~~~~~~
    + CategoryInfo      
        : NotSpecified  
  : ( ΓÜá Invalid ne.   
 ..ions detected: :S    
tring) [], RemoteEx    
ception
    + FullyQualifiedErr 
   orId : NativeComman  
  dError
 
 ΓÜá     Unrecognized 
key(s) in object: 
'swcMinify'
 ΓÜá See more info 
here: https://nextjs.org
/docs/messages/invalid-n
ext-config
   Γû▓ Next.js 16.0.10 (Turbopack)
   - Environments: .env.local

   Creating an optimized production build ...
 Γ£ô Compiled successfully in 7.5s
   Running TypeScript ...
   Collecting page data using 11 workers ...
   Generating static pages using 11 workers (0/13) ...
   Generating static pages using 11 workers (3/13) 
   Generating static pages using 11 workers (6/13) 
   Generating static pages using 11 workers (9/13) 
 Γ£ô Generating static pages using 11 workers (13/13) in 1780.9ms
   Finalizing page optimization ...

Route (app)
Γöî Γùï /
Γö£ Γùï /_not-found
Γö£ Γùï /admin
Γö£ Γùï /admin/setup
Γö£ Γùï /admin/users
Γö£ ╞Æ /api/admin/login
Γö£ ╞Æ /api/admin/users
Γö£ ╞Æ /api/admin/users/password
Γö£ ╞Æ /api/portal/login
Γö£ ╞Æ /api/sessions
Γö£ ╞Æ /api/sessions/validate
Γö£ Γùï /portal
Γö£ ╞Æ /portal/city/[id]
Γö£ ╞Æ /portal/lead/[id]
Γöö ╞Æ /portal/niche/[id]


Γùï  (Static)   prerendered as static content
╞Æ  (Dynamic)  server-rendered on demand

